DEBUG:root:Add: 10 + 5 = 15
DEBUG:root:Sub: 10 + 5 = 5
DEBUG:root:Mul: 10 + 5 = 50
DEBUG:root:Div: 10 + 5 = 2.0
DEBUG:root:Add: 20 + 10 = 30
DEBUG:root:Sub: 20 + 10 = 10
DEBUG:root:Mul: 20 + 10 = 200
DEBUG:root:Div: 20 + 10 = 2.0
2022-04-14 10:19:48,870:DEBUG:Add: 20 + 10 = 30
2022-04-14 10:19:48,870:DEBUG:Sub: 20 + 10 = 10
2022-04-14 10:19:48,870:DEBUG:Mul: 20 + 10 = 200
2022-04-14 10:19:48,871:DEBUG:Div: 20 + 10 = 2.0
2022-04-14 10:24:21,401:DEBUG:Add: 20 + 10 = 30
2022-04-14 10:24:21,402:DEBUG:Sub: 20 + 10 = 10
2022-04-14 10:24:21,402:DEBUG:Mul: 20 + 10 = 200
2022-04-14 10:24:21,402:DEBUG:Div: 20 + 10 = 2.0
2022-04-14 10:25:01,637:DEBUG:Add: 20 + 10 = 30
2022-04-14 10:25:01,637:DEBUG:Sub: 20 + 10 = 10
2022-04-14 10:25:01,638:DEBUG:Mul: 20 + 10 = 200
2022-04-14 10:25:01,638:DEBUG:Div: 20 + 10 = 2.0
2022-04-14 10:25:12,987:DEBUG:Add: 20 + 10 = 30
2022-04-14 10:25:12,987:DEBUG:Sub: 20 + 10 = 10
2022-04-14 10:25:12,987:DEBUG:Mul: 20 + 10 = 200
2022-04-14 10:25:12,987:DEBUG:Div: 20 + 10 = 2.0
2022-04-14 10:27:27,970:DEBUG:Add: 20 + 10 = 30
2022-04-14 10:27:27,971:DEBUG:Sub: 20 + 10 = 10
2022-04-14 10:27:27,971:DEBUG:Mul: 20 + 10 = 200
2022-04-14 10:27:27,971:DEBUG:Div: 20 + 10 = 2.0
